2026-08-10 13:51:37 - INFO - Device: cuda
2026-08-10 13:51:37 - INFO - Arguments: Namespace(data_dir='/mnt/data/wangkesong/download/CMeEE-V2', pretrained_model='/mnt/data/wangkesong/base_model/chinese-bert-wwm-ext', output_dir='data/output/cmeee_ner', result_output_dir='data/result_output', do_train=False, do_eval=False, do_predict=True, max_length=128, train_batch_size=16, eval_batch_size=32, learning_rate=3e-05, weight_decay=0.01, adam_epsilon=1e-08, max_grad_norm=1.0, epochs=5, warmup_proportion=0.1, earlystop_patience=3, logging_steps=100, seed=2021, device=device(type='cuda'))
2026-08-10 13:53:02 - INFO - Device: cuda
2026-08-10 13:53:02 - INFO - Arguments: Namespace(data_dir='/mnt/data/wangkesong/download/CMeEE-V2', pretrained_model='/mnt/data/wangkesong/base_model/chinese-bert-wwm-ext', output_dir='data/output/cmeee_ner', result_output_dir='data/result_output', do_train=True, do_eval=False, do_predict=True, max_length=128, train_batch_size=16, eval_batch_size=32, learning_rate=3e-05, weight_decay=0.01, adam_epsilon=1e-08, max_grad_norm=1.0, epochs=5, warmup_proportion=0.1, earlystop_patience=3, logging_steps=100, seed=2021, device=device(type='cuda'))
2026-08-10 13:55:07 - INFO - Device: cuda
2026-08-10 13:55:07 - INFO - Arguments: Namespace(data_dir='/mnt/data/wangkesong/download/CMeEE-V2', pretrained_model='/mnt/data/wangkesong/base_model/chinese-bert-wwm-ext', output_dir='data/output/cmeee_ner', result_output_dir='data/result_output', do_train=True, do_eval=False, do_predict=True, max_length=128, train_batch_size=16, eval_batch_size=32, learning_rate=3e-05, weight_decay=0.01, adam_epsilon=1e-08, max_grad_norm=1.0, epochs=5, warmup_proportion=0.1, earlystop_patience=3, logging_steps=100, seed=2021, device=device(type='cuda'))
2026-08-10 13:55:27 - INFO - Device: cuda
2026-08-10 13:55:27 - INFO - Arguments: Namespace(data_dir='/mnt/data/wangkesong/download/CMeEE-V2', pretrained_model='/mnt/data/wangkesong/base_model/chinese-bert-wwm-ext', output_dir='data/output/cmeee_ner', result_output_dir='data/result_output', do_train=True, do_eval=False, do_predict=True, max_length=128, train_batch_size=16, eval_batch_size=32, learning_rate=3e-05, weight_decay=0.01, adam_epsilon=1e-08, max_grad_norm=1.0, epochs=5, warmup_proportion=0.1, earlystop_patience=3, logging_steps=100, seed=2021, device=device(type='cuda'))
2026-08-10 13:56:08 - INFO - Device: cuda
2026-08-10 13:56:08 - INFO - Arguments: Namespace(data_dir='/mnt/data/wangkesong/download/CMeEE-V2', pretrained_model='/mnt/data/wangkesong/base_model/chinese-bert-wwm-ext', output_dir='data/output/cmeee_ner', result_output_dir='data/result_output', do_train=True, do_eval=False, do_predict=True, max_length=128, train_batch_size=16, eval_batch_size=32, learning_rate=3e-05, weight_decay=0.01, adam_epsilon=1e-08, max_grad_norm=1.0, epochs=5, warmup_proportion=0.1, earlystop_patience=3, logging_steps=100, seed=2021, device=device(type='cuda'))
2026-08-10 14:10:30 - INFO - Device: cuda
2026-08-10 14:10:30 - INFO - Arguments: Namespace(data_dir='/mnt/data/wangkesong/download/CMeEE-V2', pretrained_model='/mnt/data/wangkesong/base_model/chinese-bert-wwm-ext', output_dir='data/output/cmeee_ner', result_output_dir='data/result_output', do_train=True, do_eval=False, do_predict=True, max_length=128, train_batch_size=16, eval_batch_size=32, learning_rate=3e-05, weight_decay=0.01, adam_epsilon=1e-08, max_grad_norm=1.0, epochs=5, warmup_proportion=0.1, earlystop_patience=3, logging_steps=100, seed=2021, device=device(type='cuda'))
2026-08-10 14:12:39 - INFO - Device: cuda
2026-08-10 14:12:39 - INFO - Arguments: Namespace(data_dir='/mnt/data/wangkesong/download/CMeEE-V2', pretrained_model='/mnt/data/wangkesong/base_model/chinese-bert-wwm-ext', output_dir='data/output/cmeee_ner', result_output_dir='data/result_output', do_train=True, do_eval=False, do_predict=True, max_length=128, train_batch_size=16, eval_batch_size=32, learning_rate=3e-05, weight_decay=0.01, adam_epsilon=1e-08, max_grad_norm=1.0, epochs=5, warmup_proportion=0.1, earlystop_patience=3, logging_steps=100, seed=2021, device=device(type='cuda'))
2026-08-10 14:12:41 - INFO - ***** Running training *****
2026-08-10 14:12:41 - INFO - Num samples: 15000
2026-08-10 14:12:41 - INFO - Num epochs: 5
2026-08-10 14:12:41 - INFO - Total steps: 4690; warmup steps: 469
2026-08-10 14:12:59 - INFO - Epoch 1/5 - step 100/4690 - loss 1.334595
2026-08-10 14:13:15 - INFO - Epoch 1/5 - step 200/4690 - loss 0.600200
2026-08-10 14:13:30 - INFO - Epoch 1/5 - step 300/4690 - loss 0.525151
2026-08-10 14:13:48 - INFO - Epoch 1/5 - step 400/4690 - loss 0.856436
2026-08-10 14:14:06 - INFO - Epoch 1/5 - step 500/4690 - loss 0.494352
2026-08-10 14:14:23 - INFO - Epoch 1/5 - step 600/4690 - loss 0.752583
2026-08-10 14:14:38 - INFO - Epoch 1/5 - step 700/4690 - loss 0.533228
2026-08-10 14:14:56 - INFO - Epoch 1/5 - step 800/4690 - loss 0.341382
2026-08-10 14:15:13 - INFO - Epoch 1/5 - step 900/4690 - loss 0.433041
2026-08-10 14:15:20 - INFO - Epoch 1 average loss: 0.757054
2026-08-10 14:15:38 - INFO - Evaluation - precision: 0.550786 - recall: 0.638620 - F1: 0.591460
2026-08-10 14:15:38 - INFO - Saved new best model to data/output/cmeee_ner
2026-08-10 14:15:47 - INFO - Epoch 2/5 - step 1000/4690 - loss 0.325567
2026-08-10 14:16:04 - INFO - Epoch 2/5 - step 1100/4690 - loss 0.220078
2026-08-10 14:16:22 - INFO - Epoch 2/5 - step 1200/4690 - loss 0.384277
2026-08-10 14:16:40 - INFO - Epoch 2/5 - step 1300/4690 - loss 0.331088
2026-08-10 14:16:55 - INFO - Epoch 2/5 - step 1400/4690 - loss 0.483207
2026-08-10 14:17:12 - INFO - Epoch 2/5 - step 1500/4690 - loss 0.365529
2026-08-10 14:17:30 - INFO - Epoch 2/5 - step 1600/4690 - loss 0.335519
2026-08-10 14:17:47 - INFO - Epoch 2/5 - step 1700/4690 - loss 0.414091
2026-08-10 14:18:05 - INFO - Epoch 2/5 - step 1800/4690 - loss 0.524100
2026-08-10 14:18:15 - INFO - Epoch 2 average loss: 0.365366
2026-08-10 14:18:33 - INFO - Evaluation - precision: 0.581100 - recall: 0.676005 - F1: 0.624971
2026-08-10 14:18:34 - INFO - Saved new best model to data/output/cmeee_ner
2026-08-10 14:18:38 - INFO - Epoch 3/5 - step 1900/4690 - loss 0.314877
2026-08-10 14:18:56 - INFO - Epoch 3/5 - step 2000/4690 - loss 0.361355
2026-08-10 14:19:13 - INFO - Epoch 3/5 - step 2100/4690 - loss 0.172882
2026-08-10 14:19:28 - INFO - Epoch 3/5 - step 2200/4690 - loss 0.143318
2026-08-10 14:19:46 - INFO - Epoch 3/5 - step 2300/4690 - loss 0.844463
2026-08-10 14:20:03 - INFO - Epoch 3/5 - step 2400/4690 - loss 0.115641
2026-08-10 14:20:21 - INFO - Epoch 3/5 - step 2500/4690 - loss 0.311635
2026-08-10 14:20:36 - INFO - Epoch 3/5 - step 2600/4690 - loss 0.214523
2026-08-10 14:20:53 - INFO - Epoch 3/5 - step 2700/4690 - loss 0.110367
2026-08-10 14:21:11 - INFO - Epoch 3/5 - step 2800/4690 - loss 0.269507
2026-08-10 14:21:13 - INFO - Epoch 3 average loss: 0.261075
2026-08-10 14:21:31 - INFO - Evaluation - precision: 0.602569 - recall: 0.678788 - F1: 0.638412
2026-08-10 14:21:32 - INFO - Saved new best model to data/output/cmeee_ner
2026-08-10 14:21:44 - INFO - Epoch 4/5 - step 2900/4690 - loss 0.117927
2026-08-10 14:22:02 - INFO - Epoch 4/5 - step 3000/4690 - loss 0.215772
2026-08-10 14:22:19 - INFO - Epoch 4/5 - step 3100/4690 - loss 0.156336
2026-08-10 14:22:37 - INFO - Epoch 4/5 - step 3200/4690 - loss 0.173134
2026-08-10 14:22:52 - INFO - Epoch 4/5 - step 3300/4690 - loss 0.152690
2026-08-10 14:23:09 - INFO - Epoch 4/5 - step 3400/4690 - loss 0.199199
2026-08-10 14:23:27 - INFO - Epoch 4/5 - step 3500/4690 - loss 0.160712
2026-08-10 14:23:44 - INFO - Epoch 4/5 - step 3600/4690 - loss 0.097118
2026-08-10 14:24:02 - INFO - Epoch 4/5 - step 3700/4690 - loss 0.250824
2026-08-10 14:24:08 - INFO - Epoch 4 average loss: 0.186858
2026-08-10 14:24:27 - INFO - Evaluation - precision: 0.613602 - recall: 0.692611 - F1: 0.650717
2026-08-10 14:24:28 - INFO - Saved new best model to data/output/cmeee_ner
2026-08-10 14:24:36 - INFO - Epoch 5/5 - step 3800/4690 - loss 0.103662
2026-08-10 14:24:54 - INFO - Epoch 5/5 - step 3900/4690 - loss 0.174631
2026-08-10 14:25:12 - INFO - Epoch 5/5 - step 4000/4690 - loss 0.094085
2026-08-10 14:25:27 - INFO - Epoch 5/5 - step 4100/4690 - loss 0.117955
2026-08-10 14:25:45 - INFO - Epoch 5/5 - step 4200/4690 - loss 0.188082
2026-08-10 14:26:02 - INFO - Epoch 5/5 - step 4300/4690 - loss 0.121355
2026-08-10 14:26:20 - INFO - Epoch 5/5 - step 4400/4690 - loss 0.084512
2026-08-10 14:26:35 - INFO - Epoch 5/5 - step 4500/4690 - loss 0.121019
2026-08-10 14:26:52 - INFO - Epoch 5/5 - step 4600/4690 - loss 0.132237
2026-08-10 14:27:08 - INFO - Epoch 5 average loss: 0.137086
2026-08-10 14:27:27 - INFO - Evaluation - precision: 0.620713 - recall: 0.690848 - F1: 0.653905
2026-08-10 14:27:28 - INFO - Saved new best model to data/output/cmeee_ner
2026-08-10 14:27:28 - INFO - Training finished; best epoch=5, best F1=0.653905
2026-08-10 14:27:28 - INFO - ***** Running prediction: 3000 samples *****
2026-08-10 14:27:38 - INFO - Prediction complete: data/result_output/CMeEE_test.json
2026-08-10 14:27:38 - INFO - Prediction file: data/result_output/CMeEE_test.json
2026-08-10 14:49:16 - INFO - Device: cuda
2026-08-10 14:49:16 - INFO - Arguments: Namespace(data_dir='/mnt/data/wangkesong/download/CMeEE-V2', pretrained_model='/mnt/data/wangkesong/base_model/chinese-bert-wwm-ext', output_dir='data/output/cmeee_ner', result_output_dir='data/result_output', do_train=True, do_eval=False, do_predict=True, max_length=128, train_batch_size=16, eval_batch_size=32, learning_rate=3e-05, weight_decay=0.01, adam_epsilon=1e-08, max_grad_norm=1.0, epochs=5, warmup_proportion=0.1, earlystop_patience=3, logging_steps=100, seed=2021, device=device(type='cuda'))
2026-08-10 14:49:18 - INFO - ***** Running training *****
2026-08-10 14:49:18 - INFO - Num samples: 15000
2026-08-10 14:49:18 - INFO - Num epochs: 5
2026-08-10 14:49:18 - INFO - Total steps: 4690; warmup steps: 469
2026-08-10 14:49:35 - INFO - Epoch 1/5 - step 100/4690 - loss 1.334595
2026-08-10 14:49:53 - INFO - Epoch 1/5 - step 200/4690 - loss 0.600200
2026-08-10 14:50:10 - INFO - Epoch 1/5 - step 300/4690 - loss 0.525151
2026-08-10 14:50:25 - INFO - Epoch 1/5 - step 400/4690 - loss 0.856436
2026-08-10 14:50:43 - INFO - Epoch 1/5 - step 500/4690 - loss 0.494352
2026-08-10 14:51:01 - INFO - Epoch 1/5 - step 600/4690 - loss 0.752583
2026-08-10 14:51:18 - INFO - Epoch 1/5 - step 700/4690 - loss 0.533228
2026-08-10 14:51:35 - INFO - Epoch 1/5 - step 800/4690 - loss 0.341382
2026-08-10 14:51:51 - INFO - Epoch 1/5 - step 900/4690 - loss 0.433041
2026-08-10 14:51:57 - INFO - Epoch 1 average loss: 0.757054
2026-08-10 14:52:15 - INFO - Evaluation - precision: 0.550786 - recall: 0.638620 - F1: 0.591460
2026-08-10 14:52:16 - INFO - Saved new best model to data/output/cmeee_ner
2026-08-10 14:52:27 - INFO - Epoch 2/5 - step 1000/4690 - loss 0.325567
2026-08-10 14:52:44 - INFO - Epoch 2/5 - step 1100/4690 - loss 0.220078
2026-08-10 14:52:59 - INFO - Epoch 2/5 - step 1200/4690 - loss 0.384277
2026-08-10 14:53:17 - INFO - Epoch 2/5 - step 1300/4690 - loss 0.331088
2026-08-10 14:53:34 - INFO - Epoch 2/5 - step 1400/4690 - loss 0.483207
2026-08-10 14:53:52 - INFO - Epoch 2/5 - step 1500/4690 - loss 0.365529
2026-08-10 14:54:07 - INFO - Epoch 2/5 - step 1600/4690 - loss 0.335519
2026-08-10 14:54:25 - INFO - Epoch 2/5 - step 1700/4690 - loss 0.414091
2026-08-10 14:54:42 - INFO - Epoch 2/5 - step 1800/4690 - loss 0.524100
2026-08-10 14:54:56 - INFO - Epoch 2 average loss: 0.365366
2026-08-10 14:55:14 - INFO - Evaluation - precision: 0.581100 - recall: 0.676005 - F1: 0.624971
2026-08-10 14:55:15 - INFO - Saved new best model to data/output/cmeee_ner
2026-08-10 14:55:17 - INFO - Epoch 3/5 - step 1900/4690 - loss 0.314877
2026-08-10 14:55:33 - INFO - Epoch 3/5 - step 2000/4690 - loss 0.361355
2026-08-10 14:55:50 - INFO - Epoch 3/5 - step 2100/4690 - loss 0.172882
2026-08-10 14:56:08 - INFO - Epoch 3/5 - step 2200/4690 - loss 0.143318
2026-08-10 14:56:26 - INFO - Epoch 3/5 - step 2300/4690 - loss 0.844463
2026-08-10 14:56:44 - INFO - Epoch 3/5 - step 2400/4690 - loss 0.115641
2026-08-10 14:56:57 - INFO - Epoch 3/5 - step 2500/4690 - loss 0.311635
2026-08-10 14:57:15 - INFO - Epoch 3/5 - step 2600/4690 - loss 0.214523
2026-08-10 14:57:33 - INFO - Epoch 3/5 - step 2700/4690 - loss 0.110367
2026-08-10 14:57:51 - INFO - Epoch 3/5 - step 2800/4690 - loss 0.269507
2026-08-10 14:57:53 - INFO - Epoch 3 average loss: 0.261075
2026-08-10 14:58:11 - INFO - Evaluation - precision: 0.602569 - recall: 0.678788 - F1: 0.638412
2026-08-10 14:58:12 - INFO - Saved new best model to data/output/cmeee_ner
2026-08-10 14:58:23 - INFO - Epoch 4/5 - step 2900/4690 - loss 0.117927
2026-08-10 14:58:41 - INFO - Epoch 4/5 - step 3000/4690 - loss 0.215772
2026-08-10 14:58:58 - INFO - Epoch 4/5 - step 3100/4690 - loss 0.156336
2026-08-10 14:59:16 - INFO - Epoch 4/5 - step 3200/4690 - loss 0.173134
2026-08-10 14:59:34 - INFO - Epoch 4/5 - step 3300/4690 - loss 0.152690
2026-08-10 14:59:52 - INFO - Epoch 4/5 - step 3400/4690 - loss 0.199199
2026-08-10 15:00:06 - INFO - Epoch 4/5 - step 3500/4690 - loss 0.160712
2026-08-10 15:00:23 - INFO - Epoch 4/5 - step 3600/4690 - loss 0.097118
2026-08-10 15:00:41 - INFO - Epoch 4/5 - step 3700/4690 - loss 0.250824
2026-08-10 15:00:51 - INFO - Epoch 4 average loss: 0.186858
2026-08-10 15:01:08 - INFO - Evaluation - precision: 0.613602 - recall: 0.692611 - F1: 0.650717
2026-08-10 15:01:09 - INFO - Saved new best model to data/output/cmeee_ner
2026-08-10 15:01:18 - INFO - Epoch 5/5 - step 3800/4690 - loss 0.103662
2026-08-10 15:01:32 - INFO - Epoch 5/5 - step 3900/4690 - loss 0.174631
2026-08-10 15:01:49 - INFO - Epoch 5/5 - step 4000/4690 - loss 0.094085
2026-08-10 15:02:07 - INFO - Epoch 5/5 - step 4100/4690 - loss 0.117955
2026-08-10 15:02:25 - INFO - Epoch 5/5 - step 4200/4690 - loss 0.188082
2026-08-10 15:02:43 - INFO - Epoch 5/5 - step 4300/4690 - loss 0.121355
2026-08-10 15:02:59 - INFO - Epoch 5/5 - step 4400/4690 - loss 0.084512
2026-08-10 15:03:15 - INFO - Epoch 5/5 - step 4500/4690 - loss 0.121019
2026-08-10 15:03:33 - INFO - Epoch 5/5 - step 4600/4690 - loss 0.132237
2026-08-10 15:03:49 - INFO - Epoch 5 average loss: 0.137086
2026-08-10 15:04:06 - INFO - Evaluation - precision: 0.620713 - recall: 0.690848 - F1: 0.653905
2026-08-10 15:04:08 - INFO - Saved new best model to data/output/cmeee_ner
2026-08-10 15:04:08 - INFO - Training finished; best epoch=5, best F1=0.653905
2026-08-10 15:04:08 - INFO - ***** Running prediction: 3000 samples *****
2026-08-10 15:04:19 - INFO - Prediction complete: data/result_output/CMeEE_test.json
2026-08-10 15:04:19 - INFO - Prediction file: data/result_output/CMeEE_test.json
2026-08-10 15:05:28 - INFO - Device: cuda
2026-08-10 15:05:28 - INFO - Arguments: Namespace(data_dir='/mnt/data/wangkesong/download/CMeEE-V2', pretrained_model='/mnt/data/wangkesong/base_model/chinese-bert-wwm-ext', output_dir='data/output/cmeee_ner', result_output_dir='data/result_output', do_train=False, do_eval=False, do_predict=True, max_length=128, train_batch_size=16, eval_batch_size=32, learning_rate=3e-05, weight_decay=0.01, adam_epsilon=1e-08, max_grad_norm=1.0, epochs=5, warmup_proportion=0.1, earlystop_patience=3, logging_steps=100, seed=2021, device=device(type='cuda'))
2026-08-10 15:05:28 - INFO - ***** Running prediction: 3000 samples *****
2026-08-10 15:05:40 - INFO - Prediction complete: data/result_output/CMeEE_test.json
2026-08-10 15:05:40 - INFO - Prediction file: data/result_output/CMeEE_test.json
2026-08-11 15:46:34 - INFO - Device: cuda
2026-08-11 15:46:34 - INFO - Arguments: Namespace(data_dir='/mnt/data/wangkesong/download/CMeEE-V2', pretrained_model='/mnt/data/wangkesong/base_model/chinese-bert-wwm-ext', output_dir='data/output/cmeee_ner', result_output_dir='data/result_output', do_train=False, do_eval=False, do_predict=True, max_length=128, train_batch_size=16, eval_batch_size=32, learning_rate=3e-05, weight_decay=0.01, adam_epsilon=1e-08, max_grad_norm=1.0, epochs=5, warmup_proportion=0.1, earlystop_patience=3, logging_steps=100, seed=2021, device=device(type='cuda'))
2026-08-11 15:46:34 - INFO - ***** Running prediction: 5000 samples *****
2026-08-11 15:46:45 - INFO - Prediction complete: data/result_output/CMeEE_test.json
2026-08-11 15:46:45 - INFO - Prediction file: data/result_output/CMeEE_test.json
2026-08-12 09:20:13 - INFO - Device: cuda
2026-08-12 09:20:13 - INFO - Arguments: Namespace(data_dir='/mnt/data/wangkesong/download/CMeEE-V2', pretrained_model='/mnt/data/wangkesong/base_model/chinese-bert-wwm-ext', output_dir='data/output/cmeee_ner', result_output_dir='data/result_output', do_train=False, do_eval=False, do_predict=True, max_length=128, train_batch_size=16, eval_batch_size=32, learning_rate=3e-05, weight_decay=0.01, adam_epsilon=1e-08, max_grad_norm=1.0, epochs=5, warmup_proportion=0.1, earlystop_patience=3, logging_steps=100, seed=2021, device=device(type='cuda'))
2026-08-12 09:20:14 - INFO - ***** Running prediction: 1 samples *****
2026-08-12 09:20:14 - INFO - Prediction complete: data/result_output/CMeEE_test.json
2026-08-12 09:20:14 - INFO - Prediction file: data/result_output/CMeEE_test.json
